"63799ab67f9e015ca29694e3df2d1ae66f5ac0aa886974378b9c424a9c7df885"