"0bde96f14c35a66235478e0c16c152fcaf6301e4d9a81d3febc50879fe7e5438e6a8dd3e39bdf3ab7b12d6b44218710e17d7a2844ee9633fab0e03d9a6c8569b"